<html>
<body>
<pre>
<h1>µVision Build Log</h1>
<h2>Project:</h2>
D:\Sasha\Projects\ET_ST302_Server\ET_ST302_Server.uvproj
Project File Date:  03/14/2013

<h2>Output:</h2>
Build target 'Server'
assembling startup_stm32f2xx.s...
src\startup_stm32f2xx.s(41): error: A1163E: Unknown opcode MODULE , expecting opcode or Macro
src\startup_stm32f2xx.s(44): error: A1163E: Unknown opcode SECTION , expecting opcode or Macro
src\startup_stm32f2xx.s(46): error: A1163E: Unknown opcode SECTION , expecting opcode or Macro
src\startup_stm32f2xx.s(50): error: A1163E: Unknown opcode FreeRTOS , expecting opcode or Macro
src\startup_stm32f2xx.s(53): error: A1167E: Invalid line start 
src\startup_stm32f2xx.s(54): error: A1163E: Unknown opcode PUBLIC , expecting opcode or Macro
src\startup_stm32f2xx.s(56): error: A1159E: Label missing from line start
src\startup_stm32f2xx.s(57): error: A1355U: A Label was found which was in no AREA
compiling system_stm32f2xx.c...
Target not created
*** Note: 'Create Batch File' is active - using 'Rebuild'.
Rebuild target 'Server'
assembling startup_stm32f2xx.s...
src\startup_stm32f2xx.s(41): error: A1163E: Unknown opcode MODULE , expecting opcode or Macro
src\startup_stm32f2xx.s(44): error: A1163E: Unknown opcode SECTION , expecting opcode or Macro
src\startup_stm32f2xx.s(46): error: A1163E: Unknown opcode SECTION , expecting opcode or Macro
src\startup_stm32f2xx.s(50): error: A1163E: Unknown opcode FreeRTOS , expecting opcode or Macro
src\startup_stm32f2xx.s(53): error: A1167E: Invalid line start 
src\startup_stm32f2xx.s(54): error: A1163E: Unknown opcode PUBLIC , expecting opcode or Macro
src\startup_stm32f2xx.s(56): error: A1159E: Label missing from line start
src\startup_stm32f2xx.s(57): error: A1355U: A Label was found which was in no AREA
creating preprocessor file for system_stm32f2xx.c...
compiling system_stm32f2xx.c...
Target not created
*** Note: 'Create Batch File' is active - using 'Rebuild'.
Rebuild target 'Server'
assembling startup_stm32f2xx.s...
src\startup_stm32f2xx.s(41): error: A1163E: Unknown opcode MODULE , expecting opcode or Macro
src\startup_stm32f2xx.s(44): error: A1163E: Unknown opcode SECTION , expecting opcode or Macro
src\startup_stm32f2xx.s(46): error: A1163E: Unknown opcode SECTION , expecting opcode or Macro
src\startup_stm32f2xx.s(50): error: A1163E: Unknown opcode FreeRTOS , expecting opcode or Macro
src\startup_stm32f2xx.s(53): error: A1167E: Invalid line start 
src\startup_stm32f2xx.s(54): error: A1163E: Unknown opcode PUBLIC , expecting opcode or Macro
src\startup_stm32f2xx.s(56): error: A1159E: Label missing from line start
src\startup_stm32f2xx.s(57): error: A1355U: A Label was found which was in no AREA
creating preprocessor file for system_stm32f2xx.c...
compiling system_stm32f2xx.c...
creating preprocessor file for main.c...
main.c(3): warning:  #1-D: last line of file ends without a newline
compiling main.c...
main.c(3): warning:  #1-D: last line of file ends without a newline
Target not created
*** Note: 'Create Batch File' is active - using 'Rebuild'.
Rebuild target 'Server'
assembling startup_stm32f2xx.s...
creating preprocessor file for system_stm32f2xx.c...
compiling system_stm32f2xx.c...
creating preprocessor file for main.c...
main.c(3): warning:  #1-D: last line of file ends without a newline
compiling main.c...
main.c(3): warning:  #1-D: last line of file ends without a newline
linking...
Program Size: Code=800 RO-data=420 RW-data=20 ZI-data=1636  
FromELF: creating hex file...
".\out\ET_ST302_Server.axf" - 0 Error(s), 1 Warning(s).
*** Note: 'Create Batch File' is active - using 'Rebuild'.
Rebuild target 'Server'
assembling startup_stm32f2xx.s...
creating preprocessor file for system_stm32f2xx.c...
compiling system_stm32f2xx.c...
creating preprocessor file for main.c...
compiling main.c...
linking...
Program Size: Code=800 RO-data=420 RW-data=20 ZI-data=1636  
FromELF: creating hex file...
".\out\ET_ST302_Server.axf" - 0 Error(s), 0 Warning(s).
*** Note: 'Create Batch File' is active - using 'Rebuild'.
Rebuild target 'Server'
assembling startup_stm32f2xx.s...
creating preprocessor file for system_stm32f2xx.c...
compiling system_stm32f2xx.c...
creating preprocessor file for main.c...
src\main.c(23): error:  #5: cannot open source input file "stm32f2x7_eth.h": No such file or directory
compiling main.c...
src\main.c(23): error:  #5: cannot open source input file "stm32f2x7_eth.h": No such file or directory
Target not created
*** Note: 'Create Batch File' is active - using 'Rebuild'.
Rebuild target 'Server'
assembling startup_stm32f2xx.s...
creating preprocessor file for system_stm32f2xx.c...
compiling system_stm32f2xx.c...
creating preprocessor file for main.c...
src\main.c(23): error:  #5: cannot open source input file "stm32f2x7_eth.h": No such file or directory
compiling main.c...
src\main.c(23): error:  #5: cannot open source input file "stm32f2x7_eth.h": No such file or directory
creating preprocessor file for stm32f2x7_eth.c...
src\Libraries\STM32F2x7_ETH_Driver\src\stm32f2x7_eth.c(24): error:  #5: cannot open source input file "stm32f2x7_eth.h": No such file or directory
compiling stm32f2x7_eth.c...
src\Libraries\STM32F2x7_ETH_Driver\src\stm32f2x7_eth.c(24): error:  #5: cannot open source input file "stm32f2x7_eth.h": No such file or directory
Target not created
*** Note: 'Create Batch File' is active - using 'Rebuild'.
Rebuild target 'Server'
assembling startup_stm32f2xx.s...
creating preprocessor file for system_stm32f2xx.c...
src\system_stm32f2xx.c(115): error:  #5: cannot open source input file "stm32f2xx.h": No such file or directory
compiling system_stm32f2xx.c...
src\system_stm32f2xx.c(115): error:  #5: cannot open source input file "stm32f2xx.h": No such file or directory
creating preprocessor file for main.c...
src\main.c(23): error:  #5: cannot open source input file "stm32f2x7_eth.h": No such file or directory
compiling main.c...
src\main.c(23): error:  #5: cannot open source input file "stm32f2x7_eth.h": No such file or directory
creating preprocessor file for stm32f2x7_eth.c...
src\Libraries\STM32F2x7_ETH_Driver\src\stm32f2x7_eth.c(24): error:  #5: cannot open source input file "stm32f2x7_eth.h": No such file or directory
compiling stm32f2x7_eth.c...
src\Libraries\STM32F2x7_ETH_Driver\src\stm32f2x7_eth.c(24): error:  #5: cannot open source input file "stm32f2x7_eth.h": No such file or directory
Target not created
*** Note: 'Create Batch File' is active - using 'Rebuild'.
Rebuild target 'Server'
assembling startup_stm32f2xx.s...
creating preprocessor file for system_stm32f2xx.c...
src\system_stm32f2xx.c(115): error:  #5: cannot open source input file "stm32f2xx.h": No such file or directory
compiling system_stm32f2xx.c...
src\system_stm32f2xx.c(115): error:  #5: cannot open source input file "stm32f2xx.h": No such file or directory
creating preprocessor file for main.c...
src\main.c(23): error:  #5: cannot open source input file "stm32f2x7_eth.h": No such file or directory
compiling main.c...
src\main.c(23): error:  #5: cannot open source input file "stm32f2x7_eth.h": No such file or directory
creating preprocessor file for stm32f2x7_eth.c...
src\Libraries\STM32F2x7_ETH_Driver\src\stm32f2x7_eth.c(24): error:  #5: cannot open source input file "stm32f2x7_eth.h": No such file or directory
compiling stm32f2x7_eth.c...
src\Libraries\STM32F2x7_ETH_Driver\src\stm32f2x7_eth.c(24): error:  #5: cannot open source input file "stm32f2x7_eth.h": No such file or directory
Target not created
*** Note: 'Create Batch File' is active - using 'Rebuild'.
Rebuild target 'Server'
assembling startup_stm32f2xx.s...
creating preprocessor file for system_stm32f2xx.c...
.\src\Libraries\CMSIS\CM3\DeviceSupport\ST\STM32F2xx\stm32f2xx.h(229): error:  #5: cannot open source input file "core_cm3.h": No such file or directory
compiling system_stm32f2xx.c...
.\src\Libraries\CMSIS\CM3\DeviceSupport\ST\STM32F2xx\stm32f2xx.h(229): error:  #5: cannot open source input file "core_cm3.h": No such file or directory
creating preprocessor file for main.c...
src\main.c(23): error:  #5: cannot open source input file "stm32f2x7_eth.h": No such file or directory
compiling main.c...
src\main.c(23): error:  #5: cannot open source input file "stm32f2x7_eth.h": No such file or directory
creating preprocessor file for stm32f2x7_eth.c...
src\Libraries\STM32F2x7_ETH_Driver\src\stm32f2x7_eth.c(24): error:  #5: cannot open source input file "stm32f2x7_eth.h": No such file or directory
compiling stm32f2x7_eth.c...
src\Libraries\STM32F2x7_ETH_Driver\src\stm32f2x7_eth.c(24): error:  #5: cannot open source input file "stm32f2x7_eth.h": No such file or directory
Target not created
*** Note: 'Create Batch File' is active - using 'Rebuild'.
Rebuild target 'Server'
assembling startup_stm32f2xx.s...
creating preprocessor file for system_stm32f2xx.c...
compiling system_stm32f2xx.c...
creating preprocessor file for main.c...
src\main.c(23): error:  #5: cannot open source input file "stm32f2x7_eth.h": No such file or directory
compiling main.c...
src\main.c(23): error:  #5: cannot open source input file "stm32f2x7_eth.h": No such file or directory
creating preprocessor file for stm32f2x7_eth.c...
src\Libraries\STM32F2x7_ETH_Driver\src\stm32f2x7_eth.c(24): error:  #5: cannot open source input file "stm32f2x7_eth.h": No such file or directory
compiling stm32f2x7_eth.c...
src\Libraries\STM32F2x7_ETH_Driver\src\stm32f2x7_eth.c(24): error:  #5: cannot open source input file "stm32f2x7_eth.h": No such file or directory
creating preprocessor file for core_cm3.c...
compiling core_cm3.c...
Target not created
*** Note: 'Create Batch File' is active - using 'Rebuild'.
Rebuild target 'Server'
assembling startup_stm32f2xx.s...
creating preprocessor file for system_stm32f2xx.c...
compiling system_stm32f2xx.c...
creating preprocessor file for main.c...
.\src\Libraries\STM32F2x7_ETH_Driver\inc\stm32f2x7_eth.h(32): error:  #5: cannot open source input file "stm32f2x7_eth_conf.h": No such file or directory
compiling main.c...
.\src\Libraries\STM32F2x7_ETH_Driver\inc\stm32f2x7_eth.h(32): error:  #5: cannot open source input file "stm32f2x7_eth_conf.h": No such file or directory
creating preprocessor file for stm32f2x7_eth.c...
.\src\Libraries\STM32F2x7_ETH_Driver\inc\stm32f2x7_eth.h(32): error:  #5: cannot open source input file "stm32f2x7_eth_conf.h": No such file or directory
compiling stm32f2x7_eth.c...
.\src\Libraries\STM32F2x7_ETH_Driver\inc\stm32f2x7_eth.h(32): error:  #5: cannot open source input file "stm32f2x7_eth_conf.h": No such file or directory
creating preprocessor file for core_cm3.c...
compiling core_cm3.c...
Target not created
