<html>
<body>
<pre>
<h1>µVision Build Log</h1>
<h2>Tool Versions:</h2>
IDE-Version: µVision V5.36.0.0
Copyright (C) 2021 ARM Ltd and ARM Germany GmbH. All rights reserved.
License Information: Alexandr Shevchenko, MNIPI, LIC=RC93N-YZU5C-IIV5V-PSHXX-3WTZR-5B2X8
 
Tool Versions:
Toolchain:       MDK-ARM Plus  Version: 5.36.0.0
Toolchain Path:  C:\Keil_v5\ARM\ARMCC\Bin
C Compiler:      Armcc.exe V5.06 update 7 (build 960)
Assembler:       Armasm.exe V5.06 update 7 (build 960)
Linker/Locator:  ArmLink.exe V5.06 update 7 (build 960)
Library Manager: ArmAr.exe V5.06 update 7 (build 960)
Hex Converter:   FromElf.exe V5.06 update 7 (build 960)
CPU DLL:         SARMCM3.DLL V5.36.0.0
Dialog DLL:      DCM.DLL V1.17.3.0
Target DLL:      UL2CM3.DLL V1.164.0.0
Dialog DLL:      TCM.DLL V1.53.0.0
 
<h2>Project:</h2>
D:\My\GitHub\_work\UniOsci\sources\S8-54\Device54.uvprojx
Project File Date:  12/05/2021

<h2>Output:</h2>
*** Using Compiler 'V5.06 update 7 (build 960)', folder: 'C:\Keil_v5\ARM\ARMCC\Bin'
Build Project 'Device54' - Target 'Device54'
Note: source file '.\Device\Ethernet\Ethernet.cpp' - object file renamed from '.\obj\Device\Ethernet.o' to '.\obj\Device\ethernet_1.o'.
compiling stm32f4xx_hal_crc.c...
compiling stm32f4xx_hal_dac.c...
compiling stm32f4xx_hal_dac_ex.c...
compiling stm32f4xx_hal_dma.c...
compiling stm32f4xx_hal.c...
compiling stm32f4xx_hal_cortex.c...
compiling stm32f4xx_hal_adc_ex.c...
compiling stm32f4xx_hal_adc.c...
compiling stm32f4xx_hal_eth.c...
compiling stm32f4xx_hal_flash_ex.c...
compiling stm32f4xx_hal_flash.c...
compiling stm32f4xx_hal_gpio.c...
compiling stm32f4xx_hal_pcd_ex.c...
compiling stm32f4xx_hal_pwr.c...
compiling stm32f4xx_hal_hcd.c...
compiling stm32f4xx_hal_pcd.c...
compiling stm32f4xx_hal_pwr_ex.c...
compiling stm32f4xx_hal_rcc_ex.c...
compiling stm32f4xx_hal_rcc.c...
compiling stm32f4xx_hal_sram.c...
compiling stm32f4xx_hal_rtc.c...
compiling stm32f4xx_hal_rtc_ex.c...
compiling stm32f4xx_hal_spi.c...
compiling stm32f4xx_hal_tim.c...
compiling stm32f4xx_hal_tim_ex.c...
compiling stm32f4xx_ll_fmc.c...
compiling stm32f4xx_ll_usb.c...
compiling usbd_cdc.c...
compiling usbd_ioreq.c...
compiling usbd_ctlreq.c...
compiling usbh_core.c...
compiling usbh_ctlreq.c...
compiling usbh_ioreq.c...
compiling usbh_pipes.c...
compiling usbh_msc_bot.c...
compiling diskio.c...
compiling usbh_msc_scsi.c...
compiling usbh_msc.c...
compiling api_lib.c...
compiling api_msg.c...
compiling autoip.c...
compiling def.c...
compiling ff_gen_drv.c...
compiling syscall.c...
compiling unicode.c...
compiling dns.c...
compiling err.c...
compiling igmp.c...
compiling icmp.c...
compiling ff.c...
compiling inet_chksum.c...
compiling dhcp.c...
compiling ip4_addr.c...
compiling init.c...
compiling ip4.c...
compiling mem.c...
compiling netbuf.c...
compiling netdb.c...
compiling netifapi.c...
compiling memp.c...
compiling raw.c...
compiling sockets.c...
compiling netif.c...
compiling stats.c...
compiling pbuf.c...
compiling sys.c...
compiling tcpip.c...
compiling tcp.c...
compiling udp.c...
compiling tcp_in.c...
compiling ip.c...
compiling tcp_out.c...
compiling etharp.c...
compiling timeouts.c...
compiling ip4_frag.c...
compiling GPIO.c...
assembling startup_stm32f437xx.s...
compiling ethernet.c...
compiling system_stm32f4xx.c...
compiling stm32f4xx_hal_msp.cpp...
compiling usbh_diskio.cpp...
compiling usbh_conf.cpp...
compiling defines.cpp...
compiling stm32f4xx_it.cpp...
compiling main.cpp...
compiling usbd_conf.cpp...
compiling Globals.cpp...
compiling Log.cpp...
compiling Tables.cpp...
compiling DataSettings.cpp...
compiling DataStorage.cpp...
compiling Reader.cpp...
compiling Colors.cpp...
compiling Grid.cpp...
compiling Painter.cpp...
compiling PainterMem.cpp...
compiling Display.cpp...
compiling DisplayPrimitives.cpp...
compiling Math3D.cpp...
compiling PainterText.cpp...
compiling PainterData.cpp...
compiling WelcomeScreen.cpp...
compiling Font.cpp...
compiling TcpSocket.cpp...
compiling app_ethernet.cpp...
compiling ethernetif.cpp...
compiling Ethernet.cpp...
compiling FlashDrive.cpp...
compiling FPGA.cpp...
compiling FPGATypes.cpp...
compiling FPGAextensions.cpp...
compiling fpgaSettings.cpp...
compiling FPGAMath.cpp...
compiling FSMC.cpp...
compiling FLASH.cpp...
compiling Hardware.cpp...
compiling RAM.cpp...
compiling Timer.cpp...
compiling RTC.cpp...
compiling Sound.cpp...
compiling FileManager.cpp...
compiling Menu.cpp...
compiling MenuDrawing.cpp...
compiling MenuItems.cpp...
compiling MenuFunctions.cpp...
compiling Definition.cpp...
compiling MenuItemsLogic.cpp...
compiling MenuItemsGraphics.cpp...
compiling PageTrig.cpp...
compiling PageHelp.cpp...
compiling PageDisplay.cpp...
compiling PageCursors.cpp...
compiling PageDebug.cpp...
compiling PageMeasures.cpp...
compiling SelfRecorder.c...
compiling PageTime.cpp...
compiling PageService.cpp...
compiling PageMemory.cpp...
compiling Controls.cpp...
compiling HelpContent.cpp...
compiling PageChannels.cpp...
compiling Panel.cpp...
compiling SettingsChannel.cpp...
compiling Settings.cpp...
compiling SettingsDebug.cpp...
compiling SettingsCursors.cpp...
compiling SettingsDisplay.cpp...
compiling SettingsMemory.cpp...
compiling SettingsService.cpp...
compiling SettingsTime.cpp...
compiling Dictionary.cpp...
compiling Measures.cpp...
compiling Generator.cpp...
compiling GlobalFunctions.cpp...
compiling Math.cpp...
compiling StringUtils.cpp...
compiling _Math.cpp...
compiling Strings.cpp...
compiling ProcessingSignal.cpp...
compiling Map.cpp...
compiling VCP.cpp...
compiling usbd_core.cpp...
compiling usbd_cdc_interface.cpp...
compiling usbd_desc.cpp...
compiling controlSCPI.cpp...
compiling commonSCPI.cpp...
compiling channelSCPI.cpp...
compiling SCPI.cpp...
compiling displaySCPI.cpp...
compiling tbaseSCPI.cpp...
compiling trigSCPI.cpp...
linking...
Program Size: Code=227404 RO-data=93616 RW-data=67988 ZI-data=193420  
".\obj\Device\Device.axf" - 0 Error(s), 0 Warning(s).

<h2>Software Packages used:</h2>

Package Vendor: Keil
                http://www.keil.com/pack/Keil.STM32F4xx_DFP.2.15.0.pack
                Keil.STM32F4xx_DFP.2.15.0
                STMicroelectronics STM32F4 Series Device Support, Drivers and Examples

<h2>Collection of Component include folders:</h2>
  C:\Users\Sasha7b9\AppData\Local\Arm\Packs\Keil\STM32F4xx_DFP\2.15.0\Drivers\CMSIS\Device\ST\STM32F4xx\Include

<h2>Collection of Component Files used:</h2>
Build Time Elapsed:  00:00:15
</pre>
</body>
</html>
